// Jest Snapshot v1, https://goo.gl/fbAQLP

exports[`testing app should render correctly in "debug" mode 1`] = `ShallowWrapper {}`;
