// Jest Snapshot v1, https://goo.gl/fbAQLP

exports[`relatedListings should render RelatedListings 1`] = `ShallowWrapper {}`;
